HITL test from real MCP server